
R version 3.6.1 (2019-07-05) -- "Action of the Toes"
Copyright (C) 2019 The R Foundation for Statistical Computing
Platform: x86_64-redhat-linux-gnu (64-bit)

R is free software and comes with ABSOLUTELY NO WARRANTY.
You are welcome to redistribute it under certain conditions.
Type 'license()' or 'licence()' for distribution details.

  Natural language support but running in an English locale

R is a collaborative project with many contributors.
Type 'contributors()' for more information and
'citation()' on how to cite R or R packages in publications.

Type 'demo()' for some demos, 'help()' for on-line help, or
'help.start()' for an HTML browser interface to help.
Type 'q()' to quit R.


[38;5;11m     CHEAT SHEETS: [0m
source('~/Desktop/Packages/MiscUtils/RCheats.R') 

[38;5;11m     R INFORMATION: [0m
/usr/lib64/R/bin/exec/R -f Code/Make.R --restore --save --no-readline --no-save 
~/Rprofile.site 
wideScreen() 

[38;5;11m     USER INFORMATION: [0m
Jordan Adamson, 2020-01-07

> #-------------------------------------------------------------------
> ##################
> # Setup 
> ##################
> library(devtools)
Loading required package: usethis
> library(roxygen2)
> library(MiscUtils)

Attaching package: â€˜MiscUtilsâ€™

The following object is masked from â€˜package:baseâ€™:

    wideScreen

> library(usethis)
> pmdir <- path.expand("~/Desktop/Packages/")
> 
> #-------------------------------------------------------------------
> ##################
> # Make 
> ##################
> pack  <- "GeoCleanR"
> pdir  <- paste0(pmdir, pack,"/")
> packg <- paste0(pdir, pack)
> 
> Version <- numeric_version("0.1.3")
> 
> usethis::create_package(packg)
New project 'GeoCleanR' is nested inside an existing project '/home/Jadamso2/Desktop/Packages/GeoCleanR/', which is rarely a good idea.
Error: User input required, but session is not interactive.
Query: Do you want to create anyway?
Execution halted
